[csabaibio.elte.hu/index.html]
[backblue.gif]
[fade.gif]
[index.html]
[csabaibio.elte.hu/assets/css/bootstrap.css]
[csabaibio.elte.hu/assets/css/animate.css]
[csabaibio.elte.hu/assets/css/font-awesome.css]
[csabaibio.elte.hu/assets/css/nexus.css]
[csabaibio.elte.hu/assets/css/responsive.css]
[csabaibio.elte.hu/index-2.html]
[csabaibio.elte.hu/assets/img/logo.png]
[csabaibio.elte.hu/project.html]
[csabaibio.elte.hu/publications.html]
[csabaibio.elte.hu/collaboration.html]
[csabaibio.elte.hu/fundings.html]
[csabaibio.elte.hu/team.html]
[csabaibio.elte.hu/tools/isomut/isomut.html]
[csabaibio.elte.hu/tools/kooplex/kooplex.html]
[csabaibio.elte.hu/tools/veo/covid19.html]
[csabaibio.elte.hu/teaching.html]
[csabaibio.elte.hu/internal.html]
[csabaibio.elte.hu/news.html]
[csabaibio.elte.hu/contact.html]
[csabaibio.elte.hu/assets/img/wordcloud.png]
[csabaibio.elte.hu/assets/js/scripts.js]
[csabaibio.elte.hu/assets/js/bootstrap.min.js]
[csabaibio.elte.hu/assets/js/jquery.min.js]
[csabaibio.elte.hu/assets/js/jquery.slicknav.js]
[csabaibio.elte.hu/assets/js/jquery.visible.js]
[csabaibio.elte.hu/assets/js/slimbox2.js]
[csabaibio.elte.hu/assets/js/jquery.isotope.js]
[csabaibio.elte.hu/index.html]
[csabaibio.elte.hu/assets/js/modernizr.custom.js]
[fonts.googleapis.com/cssb91f.css]
[fonts.googleapis.com/css5c0a.css]
[csabaibio.elte.hu/index-2.html]
[csabaibio.elte.hu/tools/veo/veo.html]
[csabaibio.elte.hu/tools/veo/veo.png]
[csabaibio.elte.hu/tools/kooplex/kooplex_ures.png]
[csabaibio.elte.hu/assets/img/mammo.png]
[csabaibio.elte.hu/assets/img/fiek_ures.png]
[csabaibio.elte.hu/assets/img/oncogenome.png]
[csabaibio.elte.hu/assets/img/compare.png]
[csabaibio.elte.hu/project.html]
[csabaibio.elte.hu/publications.html]
[csabaibio.elte.hu/assets/img/link.png]
[csabaibio.elte.hu/collaboration.html]
[csabaibio.elte.hu/assets/img/fiek_logo.png]
[csabaibio.elte.hu/assets/img/compare_logo.png]
[csabaibio.elte.hu/fundings.html]
[csabaibio.elte.hu/assets/img/novo_logo.png]
[csabaibio.elte.hu/team/icsabai.png]
[csabaibio.elte.hu/team/orcid.png]
[csabaibio.elte.hu/team/empty.png]
[csabaibio.elte.hu/team/scholar.png]
[csabaibio.elte.hu/team/amedgyeshorvath.png]
[csabaibio.elte.hu/team/linkedin.png]
[csabaibio.elte.hu/team/gpalla.png]
[csabaibio.elte.hu/team/kpapp.jpg]
[csabaibio.elte.hu/team/ppollner.png]
[csabaibio.elte.hu/team/jsteger.png]
[csabaibio.elte.hu/team/jszalaigindl.png]
[csabaibio.elte.hu/team/scopus.png]
[csabaibio.elte.hu/team/dvisontai.png]
[csabaibio.elte.hu/team/elte.png]
[csabaibio.elte.hu/team/opipek.jpg]
[csabaibio.elte.hu/team/dribli.png]
[csabaibio.elte.hu/team/jborcsok.png]
[csabaibio.elte.hu/team/amajor.jpg]
[csabaibio.elte.hu/team/bapataki.png]
[csabaibio.elte.hu/team/zudvarnoki.png]
[csabaibio.elte.hu/team/abiricz.png]
[csabaibio.elte.hu/team/aolar.png]
[csabaibio.elte.hu/team.html]
[csabaibio.elte.hu/team/abecsei.png]
[csabaibio.elte.hu/tools/isomut/isomut_publications.html]
[csabaibio.elte.hu/tools/isomut/isomut_download.html]
[csabaibio.elte.hu/tools/isomut/isomut_howto.html]
[csabaibio.elte.hu/assets/img/frontpage/isomut.png]
[csabaibio.elte.hu/tools/isomut/isomut.html]
[csabaibio.elte.hu/assets/img/tools_isomut/overview.png]
[csabaibio.elte.hu/tools/kooplex/kooplex_publications.html]
[csabaibio.elte.hu/tools/kooplex/kooplex_download.html]
[csabaibio.elte.hu/tools/kooplex/kooplex_howto.html]
[csabaibio.elte.hu/tools/kooplex/kooplex.png]
[csabaibio.elte.hu/tools/kooplex/kooplex.html]
[csabaibio.elte.hu/tools/kooplex/kooplex_ful.png]
[csabaibio.elte.hu/tools/veo/coveo.png]
[csabaibio.elte.hu/tools/veo/veodatabrowser.png]
[csabaibio.elte.hu/tools/veo/covid19.html]
[csabaibio.elte.hu/teaching.html]
[csabaibio.elte.hu/internal.html]
[csabaibio.elte.hu/assets/img/mosq_24.png]
[csabaibio.elte.hu/assets/img/mosq_masfel.png]
[csabaibio.elte.hu/assets/img/elte_veo2.png]
[csabaibio.elte.hu/assets/img/elte_veo1.png]
[csabaibio.elte.hu/assets/img/elte_tej.png]
[csabaibio.elte.hu/assets/img/elte_bakt.png]
[csabaibio.elte.hu/assets/img/elte_dream.png]
[csabaibio.elte.hu/assets/img/elte_izulet.png]
[csabaibio.elte.hu/assets/img/portfolio_mi.png]
[csabaibio.elte.hu/assets/img/index_szennyviz.png]
[csabaibio.elte.hu/news.html]
[csabaibio.elte.hu/assets/img/elte_szennyviz.png]
[csabaibio.elte.hu/assets/img/dept_physics.png]
[csabaibio.elte.hu/visit.html]
[csabaibio.elte.hu/contact.html]
[csabaibio.elte.hu/tools/veo/veo.html]
[csabaibio.elte.hu/tools/isomut/isomut_publications.html]
[csabaibio.elte.hu/tools/isomut/isomut_download.html]
[csabaibio.elte.hu/tools/isomut/isomut_howto.html]
[csabaibio.elte.hu/tools/kooplex/kooplex_publications.html]
[csabaibio.elte.hu/tools/kooplex/kooplex_download.html]
[csabaibio.elte.hu/tools/kooplex/kooplex_howto.html]
[csabaibio.elte.hu/visit.html]
[csabaibio.elte.hu/tools/isomut/isomut_example_run.html]
[cdnjs.cloudflare.com/ajax/libs/require.js/2.1.10/require.min.js]
[cdnjs.cloudflare.com/ajax/libs/jquery/2.0.3/jquery.min.js]
[csabaibio.elte.hu/tools/isomut/isomut_example_run.html]
[csabaibio.elte.hu/tools/isomut/isomut_example_run-2.html]
[www.genomics.hu/tools/isomut/IsoMut_example_dataset.tar.gz]
[cdn.mathjax.org/mathjax/latest/MathJax7b8b.js]
[csabaibio.elte.hu/assets/fonts/glyphicons-halflings-regular.eot]
[csabaibio.elte.hu/assets/fonts/glyphicons-halflings-regular.woff]
[csabaibio.elte.hu/assets/fonts/glyphicons-halflings-regular.ttf]
[csabaibio.elte.hu/assets/css/bootstrap.css]
[csabaibio.elte.hu/assets/css/animate.css]
[csabaibio.elte.hu/assets/css/font-awesome.css]
[csabaibio.elte.hu/assets/img/menu_arrow.png]
[csabaibio.elte.hu/assets/img/social_icons/facebook.c4.delayed]
[csabaibio.elte.hu/assets/img/social_icons/twitter.png]
[csabaibio.elte.hu/assets/img/social_icons/googleplus.png]
[csabaibio.elte.hu/assets/img/social_icons/youtube.png]
[csabaibio.elte.hu/assets/img/social_icons/github.png]
[csabaibio.elte.hu/assets/img/social_icons/pinterest.png]
[csabaibio.elte.hu/assets/img/social_icons/blogger.png]
[csabaibio.elte.hu/assets/img/social_icons/dribbble.png]
[csabaibio.elte.hu/assets/img/social_icons/flickr.png]
[csabaibio.elte.hu/assets/img/social_icons/skype.png]
[csabaibio.elte.hu/assets/img/social_icons/digg.png]
[csabaibio.elte.hu/assets/img/social_icons/linkedin.png]
[csabaibio.elte.hu/assets/img/social_icons/vimeo.png]
[csabaibio.elte.hu/assets/img/social_icons/yahoo.png]
[csabaibio.elte.hu/assets/img/social_icons/tumblr.png]
[csabaibio.elte.hu/assets/img/social_icons/deviantart.png]
[csabaibio.elte.hu/assets/img/social_icons/delicious.png]
[csabaibio.elte.hu/assets/img/social_icons/rss.png]
[csabaibio.elte.hu/assets/img/loading.gif]
[csabaibio.elte.hu/assets/img/prevlabel.gif]
[csabaibio.elte.hu/assets/img/nextlabel.gif]
[csabaibio.elte.hu/assets/img/closelabel.gif]
[csabaibio.elte.hu/assets/css/nexus.css]
[csabaibio.elte.hu/assets/css/responsive.css]
